main.c:40:6:main	8	static
main.c:57:6:init_GPIOB	8	static
main.c:63:6:Delay	16	static
main.c:70:6:init_ADC	8	static
main.c:86:9:sampleADC	16	static
main.c:94:6:init_PWM	8	static
main.c:129:9:read_sensor	32	static
main.c:157:6:set_PWM_left	32	static
main.c:163:6:set_PWM_right	32	static
main.c:169:6:PWM_disable_left	8	static
main.c:174:6:PWM_disable_right	8	static
main.c:178:6:TurnLeft	8	static
main.c:181:6:TurnRight	8	static
main.c:185:6:Forward	8	static
main.c:188:6:Stop	8	static
main.c:191:6:UTurn	8	static
main.c:194:6:GetBackOnTrack	8	static
