core_cm0.h:629:22:NVIC_EnableIRQ	16	static
main.c:54:6:main	8	static
main.c:75:6:init_EXTI	8	static
main.c:85:6:EXTI2_3_IRQHandler	8	static
main.c:96:6:init_GPIO	8	static
main.c:126:6:Delay	16	static
main.c:132:6:check_sensors	8	static
main.c:140:6:get_moving	8	static
main.c:174:6:turn_left	8	static
main.c:179:6:init_ADC	8	static
main.c:193:5:sampleADC	24	static
main.c:207:6:init_PWM	8	static
main.c:230:9:read_sensor	24	static
main.c:263:6:set_PWM_left	32	static
main.c:269:6:set_PWM_right	32	static
main.c:275:6:PWM_disable_left	8	static
main.c:280:6:PWM_disable_right	8	static
main.c:284:6:TurnLeft	8	static
main.c:287:6:TurnRight	8	static
main.c:291:6:Forward	8	static
main.c:294:6:Stop	8	static
main.c:297:6:UTurn	8	static
main.c:300:6:GetBackOnTrack	8	static
